<?xml version="1.0" encoding="UTF-8"?>
<TestRun id="555f45d5-f5f3-4136-b129-730c94931351" name="HMS@SUBZERO 2009-11-27 17:22:01" runUser="SUBZERO\HMS" xmlns="http://microsoft.com/schemas/VisualStudio/TeamTest/2010">
  <TestSettings name="Local" id="5a5bd85b-29bb-499c-b690-88c72c2b54b1">
    <Description>These are default test settings for a local test run.</Description>
    <Deployment enabled="false" runDeploymentRoot="HMS_SUBZERO 2009-11-27 17_22_01">
      <DeploymentItem filename="c:\users\hms\documents\visual studio 2010\Projects\FluentDataAnnotations\FluentDataAnnotations\bin\Debug\FluentDataAnnotations.dll" />
    </Deployment>
    <Execution>
      <TestTypeSpecific />
      <AgentRule name="Execution Agents">
      </AgentRule>
    </Execution>
  </TestSettings>
  <Times creation="2009-11-27T17:22:01.0847088+01:00" queuing="2009-11-27T17:22:03.5108476+01:00" start="2009-11-27T17:22:03.5858519+01:00" finish="2009-11-27T17:22:04.2268885+01:00" />
  <ResultSummary outcome="Completed">
    <Counters total="1" executed="1" passed="1" error="0" failed="0" timeout="0" aborted="0" inconclusive="0" passedButRunAborted="0" notRunnable="0" notExecuted="0" disconnected="0" warning="0" completed="0" inProgress="0" pending="0" />
  </ResultSummary>
  <TestDefinitions>
    <UnitTest name="TestMethod1" storage="c:\users\hms\documents\visual studio 2010\projects\fluentdataannotations\fluentdataannotations.tests\bin\debug\fluentdataannotations.tests.dll" id="b28a2938-da98-1c97-0149-6a7e5fef233c">
      <Execution id="e6f084a9-2033-4393-9ce0-d685711a10b9" />
      <TestMethod codeBase="c:/users/hms/documents/visual studio 2010/Projects/FluentDataAnnotations/FluentDataAnnotations.Tests/bin/Debug/FluentDataAnnotations.Tests.DLL" adapterTypeName="Microsoft.VisualStudio.TestTools.TestTypes.Unit.UnitTestAdapter, Microsoft.VisualStudio.QualityTools.Tips.UnitTest.Adapter, Version=10.0.0.0, Culture=neutral, PublicKeyToken=b03f5f7f11d50a3a" className="FluentDataAnnotations.Tests.UnitTest1, FluentDataAnnotations.Tests, Version=1.0.0.0, Culture=neutral, PublicKeyToken=null" name="TestMethod1" />
    </UnitTest>
  </TestDefinitions>
  <TestLists>
    <TestList name="Results Not in a List" id="8c84fa94-04c1-424b-9868-57a2d4851a1d" />
    <TestList name="All Loaded Results" id="19431567-8539-422a-85d7-44ee4e166bda" />
  </TestLists>
  <TestEntries>
    <TestEntry testId="b28a2938-da98-1c97-0149-6a7e5fef233c" executionId="e6f084a9-2033-4393-9ce0-d685711a10b9" testListId="8c84fa94-04c1-424b-9868-57a2d4851a1d" />
  </TestEntries>
  <Results>
    <UnitTestResult executionId="e6f084a9-2033-4393-9ce0-d685711a10b9" testId="b28a2938-da98-1c97-0149-6a7e5fef233c" testName="TestMethod1" computerName="SUBZERO" duration="00:00:00.0439883" startTime="2009-11-27T17:22:03.6958582+01:00" endTime="2009-11-27T17:22:04.1428837+01:00" testType="13cdc9d9-ddb5-4fa4-a97d-d965ccfc6d4b" outcome="Passed" testListId="8c84fa94-04c1-424b-9868-57a2d4851a1d" relativeResultsDirectory="e6f084a9-2033-4393-9ce0-d685711a10b9">
    </UnitTestResult>
  </Results>
</TestRun>